Archive member included because of file (symbol)

C:/Program Files (x86)/Rowley Associates Limited/CrossWorks for ARM 2.3/lib/libm_v4t_a_le.a(libm_asm.o)
                              ARM Flash Debug/main.o (__floatsidf)
C:/Program Files (x86)/Rowley Associates Limited/CrossWorks for ARM 2.3/lib/libc_v4t_a_le.a(libc_asm.o)
                              ARM Flash Debug/main.o (__divsi3)
C:/Program Files (x86)/Rowley Associates Limited/CrossWorks for ARM 2.3/lib/libc_v4t_a_le.a(__vfprintf_int.o)
                              (__vfprintf_int)
C:/Program Files (x86)/Rowley Associates Limited/CrossWorks for ARM 2.3/lib/libc_v4t_a_le.a(__vfscanf_int.o)
                              (__vfscanf_int)
C:/Program Files (x86)/Rowley Associates Limited/CrossWorks for ARM 2.3/lib/libc_v4t_a_le.a(libc2.o)
                              C:/Program Files (x86)/Rowley Associates Limited/CrossWorks for ARM 2.3/lib/libc_v4t_a_le.a(__vfscanf_int.o) (__getc)
C:/Program Files (x86)/Rowley Associates Limited/CrossWorks for ARM 2.3/lib/libc_v4t_a_le.a(libc2_asm.o)
                              C:/Program Files (x86)/Rowley Associates Limited/CrossWorks for ARM 2.3/lib/libc_v4t_a_le.a(libc2.o) (memcpy)
C:/Program Files (x86)/Rowley Associates Limited/CrossWorks for ARM 2.3/lib/libdebugio_v4t_a_le.a(libdebugio.o)
                              (__do_debug_operation_dcc)
C:/Program Files (x86)/Rowley Associates Limited/CrossWorks for ARM 2.3/lib/libc_user_libc_v4t_a_le.a(user_libc.o)
                              C:/Program Files (x86)/Rowley Associates Limited/CrossWorks for ARM 2.3/lib/libc_v4t_a_le.a(libc2.o) (__errno)
C:/Program Files (x86)/Rowley Associates Limited/CrossWorks for ARM 2.3/lib/libarm_v4t_a_le.a(libarm.o)
                              C:/Program Files (x86)/Rowley Associates Limited/CrossWorks for ARM 2.3/lib/libdebugio_v4t_a_le.a(libdebugio.o) (libarm_dcc_write)
C:/Program Files (x86)/Rowley Associates Limited/CrossWorks for ARM 2.3/lib/libarm_v4t_a_le.a(libarm_run_dcc_port_server.o)
                              C:/Program Files (x86)/Rowley Associates Limited/CrossWorks for ARM 2.3/lib/libdebugio_v4t_a_le.a(libdebugio.o) (libarm_run_dcc_port_server)

Discarded input sections

 .text          0x00000000        0x0 ARM Flash Debug/crt0.o
 .data          0x00000000        0x0 ARM Flash Debug/crt0.o
 .bss           0x00000000        0x0 ARM Flash Debug/crt0.o
 .stack         0x00000000        0x0 ARM Flash Debug/crt0.o
 .stack_abt     0x00000000        0x0 ARM Flash Debug/crt0.o
 .stack_irq     0x00000000        0x0 ARM Flash Debug/crt0.o
 .stack_fiq     0x00000000        0x0 ARM Flash Debug/crt0.o
 .stack_svc     0x00000000        0x0 ARM Flash Debug/crt0.o
 .stack_und     0x00000000        0x0 ARM Flash Debug/crt0.o
 .heap          0x00000000        0x0 ARM Flash Debug/crt0.o
 .text          0x00000000        0x0 ARM Flash Debug/AT91SAM7_Startup.o
 .data          0x00000000        0x0 ARM Flash Debug/AT91SAM7_Startup.o
 .bss           0x00000000        0x0 ARM Flash Debug/AT91SAM7_Startup.o
 .text          0x00000000        0x0 ARM Flash Debug/AIC.o
 .data          0x00000000        0x0 ARM Flash Debug/AIC.o
 .bss           0x00000000        0x0 ARM Flash Debug/AIC.o
 .text.forcedFIQHandler
                0x00000000       0xac ARM Flash Debug/AIC.o
 .text.ctl_set_isr
                0x00000000      0x1a0 ARM Flash Debug/AIC.o
 .text.ctl_unmask_isr
                0x00000000       0x3c ARM Flash Debug/AIC.o
 .text.ctl_mask_isr
                0x00000000       0x3c ARM Flash Debug/AIC.o
 .data          0x00000000        0x0 ARM Flash Debug/AIC_irq_handler.o
 .bss           0x00000000        0x0 ARM Flash Debug/AIC_irq_handler.o
 .text          0x00000000        0x0 ARM Flash Debug/ctl_at91sam7.o
 .data          0x00000000        0x0 ARM Flash Debug/ctl_at91sam7.o
 .bss           0x00000000        0x0 ARM Flash Debug/ctl_at91sam7.o
 .bss.userTimerISR
                0x00000000        0x4 ARM Flash Debug/ctl_at91sam7.o
 .text.syscISR  0x00000000       0x50 ARM Flash Debug/ctl_at91sam7.o
 .text.ctl_at91sam7_get_mck_frequency
                0x00000000       0xcc ARM Flash Debug/ctl_at91sam7.o
 .text.ctl_start_timer
                0x00000000       0x9c ARM Flash Debug/ctl_at91sam7.o
 .text.ctl_get_ticks_per_second
                0x00000000       0x1c ARM Flash Debug/ctl_at91sam7.o
 .text          0x00000000        0x0 ARM Flash Debug/fonts.o
 .data          0x00000000        0x0 ARM Flash Debug/fonts.o
 .bss           0x00000000        0x0 ARM Flash Debug/fonts.o
 .text          0x00000000        0x0 ARM Flash Debug/pcf8833u8_lcd.o
 .data          0x00000000        0x0 ARM Flash Debug/pcf8833u8_lcd.o
 .bss           0x00000000        0x0 ARM Flash Debug/pcf8833u8_lcd.o
 .text.Backlight
                0x00000000       0x50 ARM Flash Debug/pcf8833u8_lcd.o
 .text.SetContrast
                0x00000000       0x38 ARM Flash Debug/pcf8833u8_lcd.o
[...]
Memory Configuration

Name             Origin             Length             Attributes
UNPLACED_SECTIONS 0xffffffff         0x00000000         xw
User_Peripherals 0xf0000000         0x0fff0000         xw
System_Controller 0xfffff000         0x00001000         xw
SRAM             0x00200000         0x00010000         xw
FLASH            0x00100000         0x00040000         xr
*default*        0x00000000         0xffffffff

Linker script and memory map

                0x00103370                __do_debug_operation = __do_debug_operation_dcc
                0x00102090                __vfprintf = __vfprintf_int
                0x00102b74                __vfscanf = __vfscanf_int
                0xf0000000                __User_Peripherals_segment_start__ = 0xf0000000
                0xffff0000                __User_Peripherals_segment_end__ = 0xffff0000
                0xfffff000                __System_Controller_segment_start__ = 0xfffff000
                0x00000000                __System_Controller_segment_end__ = 0x0
                0x00200000                __SRAM_segment_start__ = 0x200000
                0x00210000                __SRAM_segment_end__ = 0x210000
                0x00100000                __FLASH_segment_start__ = 0x100000
                0x00140000                __FLASH_segment_end__ = 0x140000
                0x00000400                __STACKSIZE__ = 0x400
                0x00000100                __STACKSIZE_IRQ__ = 0x100
                0x00000100                __STACKSIZE_FIQ__ = 0x100
                0x00000000                __STACKSIZE_SVC__ = 0x0
                0x00000000                __STACKSIZE_ABT__ = 0x0
                0x00000000                __STACKSIZE_UND__ = 0x0
                0x00000400                __HEAPSIZE__ = 0x400
                0x00200000                __vectors_ram_load_start__ = __SRAM_segment_start__

.vectors_ram    0x00200000       0x3c
                0x00200000                __vectors_ram_start__ = .
 *(.vectors_ram .vectors_ram.*)
                0x0020003c                . = MAX ((__vectors_ram_start__ + 0x3c), .)
 *fill*         0x00200000       0x3c 00
                0x0020003c                __vectors_ram_end__ = (__vectors_ram_start__ + SIZEOF (.vectors_ram))
                0x0020003c                __vectors_ram_load_end__ = __vectors_ram_end__
                0x00000001                . = ASSERT (((__vectors_ram_end__ >= __SRAM_segment_start__) && (__vectors_ram_end__ <= __SRAM_segment_end__)), error: .vectors_ram is too large to fit in SRAM memory segment)
                0x00100000                __vectors_load_start__ = __FLASH_segment_start__

.vectors        0x00100000       0x3c
                0x00100000                __vectors_start__ = .
 *(.vectors .vectors.*)
 .vectors       0x00100000       0x3c ARM Flash Debug/AT91SAM7_Startup.o
                0x00100000                _vectors
                0x0010003c                __vectors_end__ = (__vectors_start__ + SIZEOF (.vectors))
                0x0010003c                __vectors_load_end__ = __vectors_end__
                0x00000001                . = ASSERT (((__vectors_end__ >= __FLASH_segment_start__) && (__vectors_end__ <= __FLASH_segment_end__)), error: .vectors is too large to fit in FLASH memory segment)
                0x0010003c                __init_load_start__ = ALIGN (__vectors_end__, 0x4)

.init           0x0010003c      0x304
                0x0010003c                __init_start__ = .
 *(.init .init.*)
 *fill*         0x0010003c        0x4 00
 .init          0x00100040      0x1f0 ARM Flash Debug/crt0.o
                0x00100040                __start
                0x00100040                _start
                0x00100158                exit
                0x001001b4                __getchar
                0x001001b4                __putchar
 .init          0x00100230      0x110 ARM Flash Debug/AT91SAM7_Startup.o
                0x00100230                reset_handler
                0x00100304                undef_handler
                0x00100308                swi_handler
                0x0010030c                pabort_handler
                0x00100310                dabort_handler
                0x00100340                __init_end__ = (__init_start__ + SIZEOF (.init))
                0x00100340                __init_load_end__ = __init_end__
                0x00000001                . = ASSERT (((__init_end__ >= __FLASH_segment_start__) && (__init_end__ <= __FLASH_segment_end__)), error: .init is too large to fit in FLASH memory segment)
                0x00100340                __text_load_start__ = ALIGN (__init_end__, 0x4)

.text           0x00100340     0x32e8
                0x00100340                __text_start__ = .
 *(.text .text.* .glue_7t .glue_7 .gnu.linkonce.t.* .gcc_except_table .ARM.extab* .gnu.linkonce.armextab.*)
 .glue_7        0x00000000        0x0 linker stubs
 .glue_7t       0x00000000        0x0 linker stubs
 .text          0x00100340       0x60 ARM Flash Debug/AIC_irq_handler.o
                0x00100340                irq_handler
                0x00100380                fiq_handler
 .text.Delaya   0x001003a0       0x34 ARM Flash Debug/pcf8833u8_lcd.o
                0x001003a0                Delaya
 .text.Delay_   0x001003d4       0x3c ARM Flash Debug/pcf8833u8_lcd.o
                0x001003d4                Delay_
 .text.WriteSpiCommand
                0x00100410       0x54 ARM Flash Debug/pcf8833u8_lcd.o
                0x00100410                WriteSpiCommand
 .text.WriteSpiData
                0x00100464       0x54 ARM Flash Debug/pcf8833u8_lcd.o
                0x00100464                WriteSpiData
 .text.LCDSettings
                0x001004b8      0x158 ARM Flash Debug/pcf8833u8_lcd.o
                0x001004b8                LCDSettings
 .text.InitLCD  0x00100610       0xfc ARM Flash Debug/pcf8833u8_lcd.o
                0x00100610                InitLCD
 .text.LCDWrite130x130bmp
                0x0010070c       0xb8 ARM Flash Debug/pcf8833u8_lcd.o
                0x0010070c                LCDWrite130x130bmp
 .text.LCDWrite130x130bmp2
                0x001007c4       0xb8 ARM Flash Debug/pcf8833u8_lcd.o
                0x001007c4                LCDWrite130x130bmp2
 .text.LCDClearScreen
                0x0010087c       0x94 ARM Flash Debug/pcf8833u8_lcd.o
                0x0010087c                LCDClearScreen
 .text.LCDSetPixel
                0x00100910       0xb4 ARM Flash Debug/pcf8833u8_lcd.o
                0x00100910                LCDSetPixel
 .text.LCDPutChar
                0x001009c4      0x23c ARM Flash Debug/pcf8833u8_lcd.o
                0x001009c4                LCDPutChar
 .text.LCDPutStr
                0x00100c00       0xcc ARM Flash Debug/pcf8833u8_lcd.o
                0x00100c00                LCDPutStr
 .text.delay_ms
                0x00100ccc       0x74 ARM Flash Debug/main.o
                0x00100ccc                delay_ms
 .text.isPressed
                0x00100d40       0x44 ARM Flash Debug/main.o
 .text.isPressedSW
                0x00100d84       0x44 ARM Flash Debug/main.o
 .text.playTone
                0x00100dc8       0xec ARM Flash Debug/main.o
                0x00100dc8                playTone
 .text.obrazek1
                0x00100eb4       0x40 ARM Flash Debug/main.o
                0x00100eb4                obrazek1
 .text.obrazek2
                0x00100ef4       0x40 ARM Flash Debug/main.o
                0x00100ef4                obrazek2
 .text.playMelody1
                0x00100f34      0x124 ARM Flash Debug/main.o
                0x00100f34                playMelody1
 .text.playLoseGifAndMusic
                0x00101058      0x124 ARM Flash Debug/main.o
                0x00101058                playLoseGifAndMusic
 .text.drawCell
                0x0010117c       0xd4 ARM Flash Debug/main.o
                0x0010117c                drawCell
 .text.drawMaze
                0x00101250       0xa8 ARM Flash Debug/main.o
                0x00101250                drawMaze
 .text.drawPlayer
                0x001012f8       0x3c ARM Flash Debug/main.o
                0x001012f8                drawPlayer
 .text.movePlayer
                0x00101334       0xf0 ARM Flash Debug/main.o
                0x00101334                movePlayer
 .text.mazeJoystickHandler
                0x00101424       0x94 ARM Flash Debug/main.o
                0x00101424                mazeJoystickHandler
 .text.programMaze
                0x001014b8      0x114 ARM Flash Debug/main.o
                0x001014b8                programMaze
 .text.drawMenu
                0x001015cc      0x198 ARM Flash Debug/main.o
                0x001015cc                drawMenu
 .text.menuJoystickUp
                0x00101764       0x40 ARM Flash Debug/main.o
                0x00101764                menuJoystickUp
 .text.menuJoystickDown
                0x001017a4       0x40 ARM Flash Debug/main.o
                0x001017a4                menuJoystickDown
 .text.menuEnter
                0x001017e4       0x6c ARM Flash Debug/main.o
                0x001017e4                menuEnter
 .text.menuBack
                0x00101850       0x40 ARM Flash Debug/main.o
                0x00101850                menuBack
 .text.main     0x00101890      0x11c ARM Flash Debug/main.o
                0x00101890                main
 *fill*         0x001019ac        0x4 00
 .text.libc.__int32_to_float64
                0x001019b0       0x70 C:/Program Files (x86)/Rowley Associates Limited/CrossWorks for ARM 2.3/lib/libm_v4t_a_le.a(libm_asm.o)
                0x001019b0                __aeabi_i2d
                0x001019b0                __int32_to_float64
                0x001019b0                __floatsidf
 .text.libc.__float64_to_uint32
                0x00101a20       0x50 C:/Program Files (x86)/Rowley Associates Limited/CrossWorks for ARM 2.3/lib/libm_v4t_a_le.a(libm_asm.o)
                0x00101a20                __aeabi_d2uiz
                0x00101a20                __float64_to_uint32
                0x00101a20                __fixunsdfsi
 .text.libc.__float64_mul
                0x00101a70      0x1b0 C:/Program Files (x86)/Rowley Associates Limited/CrossWorks for ARM 2.3/lib/libm_v4t_a_le.a(libm_asm.o)
                0x00101a70                __float64_mul
                0x00101a70                __muldf3
                0x00101a70                __aeabi_dmul
 .text.libc.__int32_div
                0x00101c20      0x470 C:/Program Files (x86)/Rowley Associates Limited/CrossWorks for ARM 2.3/lib/libc_v4t_a_le.a(libc_asm.o)
                0x00101c20                __int32_div
                0x00101c20                __aeabi_idiv
                0x00101c20                __divsi3
                0x00101f20                __aeabi_uidiv
                0x00101f20                __uint32_div
                0x00101f20                __udivsi3
 .text.libc.__vfprintf_int
                0x00102090      0x8d8 C:/Program Files (x86)/Rowley Associates Limited/CrossWorks for ARM 2.3/lib/libc_v4t_a_le.a(__vfprintf_int.o)
                0x00102090                __vfprintf_int
 .text.libc.__ungetc
                0x00102968       0x40 C:/Program Files (x86)/Rowley Associates Limited/CrossWorks for ARM 2.3/lib/libc_v4t_a_le.a(__vfscanf_int.o)
 .text.libc.rd_int
                0x001029a8      0x1cc C:/Program Files (x86)/Rowley Associates Limited/CrossWorks for ARM 2.3/lib/libc_v4t_a_le.a(__vfscanf_int.o)
 .text.libc.__vfscanf_int
                0x00102b74      0x5a4 C:/Program Files (x86)/Rowley Associates Limited/CrossWorks for ARM 2.3/lib/libc_v4t_a_le.a(__vfscanf_int.o)
                0x00102b74                __vfscanf_int
 .text.libc.__getc
                0x00103118       0x4c C:/Program Files (x86)/Rowley Associates Limited/CrossWorks for ARM 2.3/lib/libc_v4t_a_le.a(libc2.o)
                0x00103118                __getc
 .text.libc.__putc
                0x00103164       0x6c C:/Program Files (x86)/Rowley Associates Limited/CrossWorks for ARM 2.3/lib/libc_v4t_a_le.a(libc2.o)
                0x00103164                __putc
 .text.libc.__print_padding
                0x001031d0       0x3c C:/Program Files (x86)/Rowley Associates Limited/CrossWorks for ARM 2.3/lib/libc_v4t_a_le.a(libc2.o)
                0x001031d0                __print_padding
 .text.libc.__pre_padding
                0x0010320c       0x28 C:/Program Files (x86)/Rowley Associates Limited/CrossWorks for ARM 2.3/lib/libc_v4t_a_le.a(libc2.o)
                0x0010320c                __pre_padding
 .text.libc.isupper
                0x00103234       0x14 C:/Program Files (x86)/Rowley Associates Limited/CrossWorks for ARM 2.3/lib/libc_v4t_a_le.a(libc2.o)
                0x00103234                isupper
 .text.libc.islower
                0x00103248       0x14 C:/Program Files (x86)/Rowley Associates Limited/CrossWorks for ARM 2.3/lib/libc_v4t_a_le.a(libc2.o)
                0x00103248                islower
 .text.libc.isdigit
                0x0010325c       0x14 C:/Program Files (x86)/Rowley Associates Limited/CrossWorks for ARM 2.3/lib/libc_v4t_a_le.a(libc2.o)
                0x0010325c                isdigit
 .text.libc.__digit
                0x00103270       0x54 C:/Program Files (x86)/Rowley Associates Limited/CrossWorks for ARM 2.3/lib/libc_v4t_a_le.a(libc2.o)
                0x00103270                __digit
 .text.libc.isspace
                0x001032c4       0x18 C:/Program Files (x86)/Rowley Associates Limited/CrossWorks for ARM 2.3/lib/libc_v4t_a_le.a(libc2.o)
                0x001032c4                isspace
 *fill*         0x001032dc        0x4 00
 .text.libc.strlen
                0x001032e0       0x90 C:/Program Files (x86)/Rowley Associates Limited/CrossWorks for ARM 2.3/lib/libc_v4t_a_le.a(libc2_asm.o)
                0x001032e0                strlen
 .text.libdebugio.__do_debug_operation_dcc
                0x00103370       0x40 C:/Program Files (x86)/Rowley Associates Limited/CrossWorks for ARM 2.3/lib/libdebugio_v4t_a_le.a(libdebugio.o)
                0x00103370                __do_debug_operation_dcc
 .text.libc.__debug_io_lock
                0x001033b0        0x4 C:/Program Files (x86)/Rowley Associates Limited/CrossWorks for ARM 2.3/lib/libc_user_libc_v4t_a_le.a(user_libc.o)
                0x001033b0                __debug_io_lock
 .text.libc.__debug_io_unlock
                0x001033b4        0x4 C:/Program Files (x86)/Rowley Associates Limited/CrossWorks for ARM 2.3/lib/libc_user_libc_v4t_a_le.a(user_libc.o)
                0x001033b4                __debug_io_unlock
 *fill*         0x001033b8        0x8 00
 .text.libdebugio_dcc.libarm_dcc_read
                0x001033c0       0x20 C:/Program Files (x86)/Rowley Associates Limited/CrossWorks for ARM 2.3/lib/libarm_v4t_a_le.a(libarm.o)
                0x001033c0                libarm_dcc_read
 .text.libdebugio_dcc.libarm_dcc_write
                0x001033e0       0x20 C:/Program Files (x86)/Rowley Associates Limited/CrossWorks for ARM 2.3/lib/libarm_v4t_a_le.a(libarm.o)
                0x001033e0                libarm_dcc_write
 .text.libarm.libarm_run_dcc_port_server
                0x00103400      0x228 C:/Program Files (x86)/Rowley Associates Limited/CrossWorks for ARM 2.3/lib/libarm_v4t_a_le.a(libarm_run_dcc_port_server.o)
                0x00103400                libarm_run_dcc_port_server
                0x00103628                __text_end__ = (__text_start__ + SIZEOF (.text))
                0x00103628                __text_load_end__ = __text_end__

.vfp11_veneer   0x00000000        0x0
 .vfp11_veneer  0x00000000        0x0 linker stubs

.v4_bx          0x00000000        0x0
 .v4_bx         0x00000000        0x0 linker stubs
                0x00000001                . = ASSERT (((__text_end__ >= __FLASH_segment_start__) && (__text_end__ <= __FLASH_segment_end__)), error: .text is too large to fit in FLASH memory segment)
                0x00103628                __dtors_load_start__ = ALIGN (__text_end__, 0x4)

.dtors          0x00103628        0x0
                0x00103628                __dtors_start__ = .
 *(SORT(.dtors.*))
 *(.dtors)
 *(.fini_array .fini_array.*)
                0x00103628                __dtors_end__ = (__dtors_start__ + SIZEOF (.dtors))
                0x00103628                __dtors_load_end__ = __dtors_end__
                0x00000001                . = ASSERT (((__dtors_end__ >= __FLASH_segment_start__) && (__dtors_end__ <= __FLASH_segment_end__)), error: .dtors is too large to fit in FLASH memory segment)
                0x00103628                __ctors_load_start__ = ALIGN (__dtors_end__, 0x4)

.ctors          0x00103628        0x0
                0x00103628                __ctors_start__ = .
 *(SORT(.ctors.*))
 *(.ctors)
 *(.init_array .init_array.*)
                0x00103628                __ctors_end__ = (__ctors_start__ + SIZEOF (.ctors))
                0x00103628                __ctors_load_end__ = __ctors_end__
                0x00000001                . = ASSERT (((__ctors_end__ >= __FLASH_segment_start__) && (__ctors_end__ <= __FLASH_segment_end__)), error: .ctors is too large to fit in FLASH memory segment)
                0x00103628                __rodata_load_start__ = ALIGN (__ctors_end__, 0x4)

.rodata         0x00103628     0xd33c
                0x00103628                __rodata_start__ = .
 *(.rodata .rodata.* .gnu.linkonce.r.*)
 .rodata.bmp    0x00103628     0x6308 ARM Flash Debug/pcf8833u8_lcd.o
                0x00103628                bmp
 .rodata.bmp2   0x00109930     0x6308 ARM Flash Debug/pcf8833u8_lcd.o
                0x00109930                bmp2
 .rodata.FONT6x8
                0x0010fc38      0x308 ARM Flash Debug/pcf8833u8_lcd.o
                0x0010fc38                FONT6x8
 .rodata.FONT8x8
                0x0010ff40      0x308 ARM Flash Debug/pcf8833u8_lcd.o
                0x0010ff40                FONT8x8
 .rodata.FONT8x16
                0x00110248      0x610 ARM Flash Debug/pcf8833u8_lcd.o
                0x00110248                FONT8x16
 .rodata        0x00110858        0xc ARM Flash Debug/pcf8833u8_lcd.o
 .rodata        0x00110864       0x98 ARM Flash Debug/main.o
 .rodata.libc.__aeabi_uidiv
                0x001108fc       0x40 C:/Program Files (x86)/Rowley Associates Limited/CrossWorks for ARM 2.3/lib/libc_v4t_a_le.a(libc_asm.o)
                0x001108fc                __RAL_uidiv_inverse_lut
 .rodata.libc.str1.4
                0x0011093c        0x8 C:/Program Files (x86)/Rowley Associates Limited/CrossWorks for ARM 2.3/lib/libc_v4t_a_le.a(__vfprintf_int.o)
 .rodata.libc.__hex_lc
                0x00110944       0x10 C:/Program Files (x86)/Rowley Associates Limited/CrossWorks for ARM 2.3/lib/libc_v4t_a_le.a(libc2.o)
                0x00110944                __hex_lc
 .rodata.libc.__hex_uc
                0x00110954       0x10 C:/Program Files (x86)/Rowley Associates Limited/CrossWorks for ARM 2.3/lib/libc_v4t_a_le.a(libc2.o)
                0x00110954                __hex_uc
                0x00110964                __rodata_end__ = (__rodata_start__ + SIZEOF (.rodata))
                0x00110964                __rodata_load_end__ = __rodata_end__
                0x00000001                . = ASSERT (((__rodata_end__ >= __FLASH_segment_start__) && (__rodata_end__ <= __FLASH_segment_end__)), error: .rodata is too large to fit in FLASH memory segment)
                0x00110964                __ARM.exidx_load_start__ = ALIGN (__rodata_end__, 0x4)

.ARM.exidx      0x00110964        0x0
                0x00110964                __ARM.exidx_start__ = .
                0x00110964                __exidx_start = __ARM.exidx_start__
 *(.ARM.exidx .ARM.exidx.*)
                0x00110964                __ARM.exidx_end__ = (__ARM.exidx_start__ + SIZEOF (.ARM.exidx))
                0x00110964                __exidx_end = __ARM.exidx_end__
                0x00110964                __ARM.exidx_load_end__ = __ARM.exidx_end__
                0x00000001                . = ASSERT (((__ARM.exidx_end__ >= __FLASH_segment_start__) && (__ARM.exidx_end__ <= __FLASH_segment_end__)), error: .ARM.exidx is too large to fit in FLASH memory segment)
                0x00110964                __fast_load_start__ = ALIGN (__ARM.exidx_end__, 0x4)

.fast           0x0020003c       0x6c load address 0x00110964
                0x0020003c                __fast_start__ = .
 *(.fast .fast.*)
 .fast          0x0020003c       0x6c ARM Flash Debug/main.o
                0x0020003c                delay
                0x002000a8                __fast_end__ = (__fast_start__ + SIZEOF (.fast))
                0x001109d0                __fast_load_end__ = (__fast_load_start__ + SIZEOF (.fast))
                0x00000001                . = ASSERT (((__fast_load_end__ >= __FLASH_segment_start__) && (__fast_load_end__ <= __FLASH_segment_end__)), error: .fast is too large to fit in FLASH memory segment)

.fast_run       0x0020003c       0x6c load address 0x00110964
                0x0020003c                __fast_run_start__ = .
                0x002000a8                . = MAX ((__fast_run_start__ + SIZEOF (.fast)), .)
 *fill*         0x0020003c       0x6c 00
                0x002000a8                __fast_run_end__ = (__fast_run_start__ + SIZEOF (.fast_run))
                0x002000a8                __fast_run_load_end__ = __fast_run_end__
                0x00000001                . = ASSERT (((__fast_run_end__ >= __SRAM_segment_start__) && (__fast_run_end__ <= __SRAM_segment_end__)), error: .fast_run is too large to fit in SRAM memory segment)
                0x001109d0                __data_load_start__ = ALIGN ((__fast_load_start__ + SIZEOF (.fast)), 0x4)

.data           0x002000a8      0x264 load address 0x001109d0
                0x002000a8                __data_start__ = .
 *(.data .data.* .gnu.linkonce.d.*)
 .data.melody1  0x002000a8       0x20 ARM Flash Debug/main.o
                0x002000a8                melody1
 .data.noteDurations
                0x002000c8       0x20 ARM Flash Debug/main.o
                0x002000c8                noteDurations
 .data.loseMelody
                0x002000e8       0x20 ARM Flash Debug/main.o
                0x002000e8                loseMelody
 .data.loseDurations
                0x00200108       0x20 ARM Flash Debug/main.o
                0x00200108                loseDurations
 .data.endX     0x00200128        0x4 ARM Flash Debug/main.o
                0x00200128                endX
 .data.endY     0x0020012c        0x4 ARM Flash Debug/main.o
                0x0020012c                endY
 .data.maze     0x00200130      0x100 ARM Flash Debug/main.o
                0x00200130                maze
 .data.menu_1   0x00200230       0x18 ARM Flash Debug/main.o
                0x00200230                menu_1
 .data.menu_2   0x00200248       0x18 ARM Flash Debug/main.o
                0x00200248                menu_2
 .data.menu_3   0x00200260       0x18 ARM Flash Debug/main.o
                0x00200260                menu_3
 .data.sub_menu_1_1
                0x00200278       0x18 ARM Flash Debug/main.o
                0x00200278                sub_menu_1_1
 .data.sub_menu_1_2
                0x00200290       0x18 ARM Flash Debug/main.o
                0x00200290                sub_menu_1_2
 .data.sub_menu_2_1
                0x002002a8       0x18 ARM Flash Debug/main.o
                0x002002a8                sub_menu_2_1
 .data.sub_menu_2_2
                0x002002c0       0x18 ARM Flash Debug/main.o
                0x002002c0                sub_menu_2_2
 .data.sub_menu_3_1
                0x002002d8       0x18 ARM Flash Debug/main.o
                0x002002d8                sub_menu_3_1
 .data.sub_menu_3_2
                0x002002f0       0x18 ARM Flash Debug/main.o
                0x002002f0                sub_menu_3_2
 .data.currentPointer
                0x00200308        0x4 ARM Flash Debug/main.o
                0x00200308                currentPointer
                0x0020030c                __data_end__ = (__data_start__ + SIZEOF (.data))
                0x00110c34                __data_load_end__ = (__data_load_start__ + SIZEOF (.data))
                0x00000001                . = ASSERT (((__data_load_end__ >= __FLASH_segment_start__) && (__data_load_end__ <= __FLASH_segment_end__)), error: .data is too large to fit in FLASH memory segment)

.data_run       0x002000a8      0x264 load address 0x001109d0
                0x002000a8                __data_run_start__ = .
                0x0020030c                . = MAX ((__data_run_start__ + SIZEOF (.data)), .)
 *fill*         0x002000a8      0x264 00
                0x0020030c                __data_run_end__ = (__data_run_start__ + SIZEOF (.data_run))
                0x0020030c                __data_run_load_end__ = __data_run_end__
                0x00000001                . = ASSERT (((__data_run_end__ >= __SRAM_segment_start__) && (__data_run_end__ <= __SRAM_segment_end__)), error: .data_run is too large to fit in SRAM memory segment)
                0x0020030c                __bss_load_start__ = ALIGN (__data_run_end__, 0x4)

.bss            0x0020030c       0x14
                0x0020030c                __bss_start__ = .
 *(.bss .bss.* .gnu.linkonce.b.*)
 .bss.i         0x0020030c        0x4 ARM Flash Debug/pcf8833u8_lcd.o
                0x0020030c                i
 .bss.j         0x00200310        0x4 ARM Flash Debug/pcf8833u8_lcd.o
                0x00200310                j
 .bss.playerX   0x00200314        0x4 ARM Flash Debug/main.o
                0x00200314                playerX
 .bss.playerY   0x00200318        0x4 ARM Flash Debug/main.o
                0x00200318                playerY
 .bss.libc.__format_extender
                0x0020031c        0x4 C:/Program Files (x86)/Rowley Associates Limited/CrossWorks for ARM 2.3/lib/libc_v4t_a_le.a(libc2.o)
                0x0020031c                __format_extender
 *(COMMON)
                0x00200320                __bss_end__ = (__bss_start__ + SIZEOF (.bss))
                0x00200320                __bss_load_end__ = __bss_end__
                0x00000001                . = ASSERT (((__bss_end__ >= __SRAM_segment_start__) && (__bss_end__ <= __SRAM_segment_end__)), error: .bss is too large to fit in SRAM memory segment)
                0x00200320                __non_init_load_start__ = ALIGN (__bss_end__, 0x4)

.non_init       0x00200320        0x0
                0x00200320                __non_init_start__ = .
 *(.non_init .non_init.*)
                0x00200320                __non_init_end__ = (__non_init_start__ + SIZEOF (.non_init))
                0x00200320                __non_init_load_end__ = __non_init_end__
                0x00000001                . = ASSERT (((__non_init_end__ >= __SRAM_segment_start__) && (__non_init_end__ <= __SRAM_segment_end__)), error: .non_init is too large to fit in SRAM memory segment)
                0x00200320                __heap_load_start__ = ALIGN (__non_init_end__, 0x4)

.heap           0x00200320      0x400
                0x00200320                __heap_start__ = .
 *(.heap .heap.*)
                0x00200720                . = ALIGN (MAX ((__heap_start__ + __HEAPSIZE__), .), 0x4)
 *fill*         0x00200320      0x400 00
                0x00200720                __heap_end__ = (__heap_start__ + SIZEOF (.heap))
                0x00200720                __heap_load_end__ = __heap_end__
                0x00000001                . = ASSERT (((__heap_end__ >= __SRAM_segment_start__) && (__heap_end__ <= __SRAM_segment_end__)), error: .heap is too large to fit in SRAM memory segment)
                0x00200720                __stack_load_start__ = ALIGN (__heap_end__, 0x4)

.stack          0x00200720      0x400
                0x00200720                __stack_start__ = .
 *(.stack .stack.*)
                0x00200b20                . = ALIGN (MAX ((__stack_start__ + __STACKSIZE__), .), 0x4)
 *fill*         0x00200720      0x400 00
                0x00200b20                __stack_end__ = (__stack_start__ + SIZEOF (.stack))
                0x00200b20                __stack_load_end__ = __stack_end__
                0x00000001                . = ASSERT (((__stack_end__ >= __SRAM_segment_start__) && (__stack_end__ <= __SRAM_segment_end__)), error: .stack is too large to fit in SRAM memory segment)
                0x00200b20                __stack_irq_load_start__ = ALIGN (__stack_end__, 0x4)

.stack_irq      0x00200b20      0x100
                0x00200b20                __stack_irq_start__ = .
 *(.stack_irq .stack_irq.*)
                0x00200c20                . = ALIGN (MAX ((__stack_irq_start__ + __STACKSIZE_IRQ__), .), 0x4)
 *fill*         0x00200b20      0x100 00
                0x00200c20                __stack_irq_end__ = (__stack_irq_start__ + SIZEOF (.stack_irq))
                0x00200c20                __stack_irq_load_end__ = __stack_irq_end__
                0x00000001                . = ASSERT (((__stack_irq_end__ >= __SRAM_segment_start__) && (__stack_irq_end__ <= __SRAM_segment_end__)), error: .stack_irq is too large to fit in SRAM memory segment)
                0x00200c20                __stack_fiq_load_start__ = ALIGN (__stack_irq_end__, 0x4)

.stack_fiq      0x00200c20      0x100
                0x00200c20                __stack_fiq_start__ = .
 *(.stack_fiq .stack_fiq.*)
                0x00200d20                . = ALIGN (MAX ((__stack_fiq_start__ + __STACKSIZE_FIQ__), .), 0x4)
 *fill*         0x00200c20      0x100 00
                0x00200d20                __stack_fiq_end__ = (__stack_fiq_start__ + SIZEOF (.stack_fiq))
                0x00200d20                __stack_fiq_load_end__ = __stack_fiq_end__
                0x00000001                . = ASSERT (((__stack_fiq_end__ >= __SRAM_segment_start__) && (__stack_fiq_end__ <= __SRAM_segment_end__)), error: .stack_fiq is too large to fit in SRAM memory segment)
                0x00200d20                __stack_svc_load_start__ = ALIGN (__stack_fiq_end__, 0x4)

.stack_svc      0x00200d20        0x0
                0x00200d20                __stack_svc_start__ = .
 *(.stack_svc .stack_svc.*)
                0x00200d20                . = ALIGN (MAX ((__stack_svc_start__ + __STACKSIZE_SVC__), .), 0x4)
                0x00200d20                __stack_svc_end__ = (__stack_svc_start__ + SIZEOF (.stack_svc))
                0x00200d20                __stack_svc_load_end__ = __stack_svc_end__
                0x00000001                . = ASSERT (((__stack_svc_end__ >= __SRAM_segment_start__) && (__stack_svc_end__ <= __SRAM_segment_end__)), error: .stack_svc is too large to fit in SRAM memory segment)
                0x00200d20                __stack_abt_load_start__ = ALIGN (__stack_svc_end__, 0x4)

.stack_abt      0x00200d20        0x0
                0x00200d20                __stack_abt_start__ = .
 *(.stack_abt .stack_abt.*)
                0x00200d20                . = ALIGN (MAX ((__stack_abt_start__ + __STACKSIZE_ABT__), .), 0x4)
                0x00200d20                __stack_abt_end__ = (__stack_abt_start__ + SIZEOF (.stack_abt))
                0x00200d20                __stack_abt_load_end__ = __stack_abt_end__
                0x00000001                . = ASSERT (((__stack_abt_end__ >= __SRAM_segment_start__) && (__stack_abt_end__ <= __SRAM_segment_end__)), error: .stack_abt is too large to fit in SRAM memory segment)
                0x00200d20                __stack_und_load_start__ = ALIGN (__stack_abt_end__, 0x4)

.stack_und      0x00200d20        0x0
                0x00200d20                __stack_und_start__ = .
 *(.stack_und .stack_und.*)
                0x00200d20                . = ALIGN (MAX ((__stack_und_start__ + __STACKSIZE_UND__), .), 0x4)
                0x00200d20                __stack_und_end__ = (__stack_und_start__ + SIZEOF (.stack_und))
                0x00200d20                __stack_und_load_end__ = __stack_und_end__
                0x00000001                . = ASSERT (((__stack_und_end__ >= __SRAM_segment_start__) && (__stack_und_end__ <= __SRAM_segment_end__)), error: .stack_und is too large to fit in SRAM memory segment)
                0x00200d20                __tbss_load_start__ = ALIGN (__stack_und_end__, 0x4)

.tbss           0x00200d20        0x0
                0x00200d20                __tbss_start__ = .
 *(.tbss .tbss.*)
                0x00200d20                __tbss_end__ = (__tbss_start__ + SIZEOF (.tbss))
                0x00200d20                __tbss_load_end__ = __tbss_end__
                0x00000001                . = ASSERT (((__tbss_end__ >= __SRAM_segment_start__) && (__tbss_end__ <= __SRAM_segment_end__)), error: .tbss is too large to fit in SRAM memory segment)
                0x00110c34                __tdata_load_start__ = ALIGN ((__data_load_start__ + SIZEOF (.data)), 0x4)

.tdata          0x00200d20        0x0 load address 0x00110c34
                0x00200d20                __tdata_start__ = .
 *(.tdata .tdata.*)
                0x00200d20                __tdata_end__ = (__tdata_start__ + SIZEOF (.tdata))
                0x00110c34                __tdata_load_end__ = (__tdata_load_start__ + SIZEOF (.tdata))
                0x00110c34                __FLASH_segment_used_end__ = (ALIGN ((__data_load_start__ + SIZEOF (.data)), 0x4) + SIZEOF (.tdata))
                0x00000001                . = ASSERT (((__tdata_load_end__ >= __FLASH_segment_start__) && (__tdata_load_end__ <= __FLASH_segment_end__)), error: .tdata is too large to fit in FLASH memory segment)

.tdata_run      0x00200d20        0x0
                0x00200d20                __tdata_run_start__ = .
                0x00200d20                . = MAX ((__tdata_run_start__ + SIZEOF (.tdata)), .)
                0x00200d20                __tdata_run_end__ = (__tdata_run_start__ + SIZEOF (.tdata_run))
                0x00200d20                __tdata_run_load_end__ = __tdata_run_end__
                0x00200d20                __SRAM_segment_used_end__ = (ALIGN (__tbss_end__, 0x4) + SIZEOF (.tdata_run))
                0x00000001                . = ASSERT (((__tdata_run_end__ >= __SRAM_segment_start__) && (__tdata_run_end__ <= __SRAM_segment_end__)), error: .tdata_run is too large to fit in SRAM memory segment)
START GROUP
LOAD ARM Flash Debug/crt0.o
LOAD ARM Flash Debug/AT91SAM7_Startup.o
LOAD ARM Flash Debug/AIC.o
LOAD ARM Flash Debug/AIC_irq_handler.o
LOAD ARM Flash Debug/ctl_at91sam7.o
LOAD ARM Flash Debug/fonts.o
LOAD ARM Flash Debug/pcf8833u8_lcd.o
LOAD ARM Flash Debug/main.o
LOAD C:/Program Files (x86)/Rowley Associates Limited/CrossWorks for ARM 2.3/lib/libarm_v4t_a_le.a
LOAD C:/Program Files (x86)/Rowley Associates Limited/CrossWorks for ARM 2.3/lib/libm_v4t_a_le.a
LOAD C:/Program Files (x86)/Rowley Associates Limited/CrossWorks for ARM 2.3/lib/libc_v4t_a_le.a
LOAD C:/Program Files (x86)/Rowley Associates Limited/CrossWorks for ARM 2.3/lib/libcpp_v4t_a_le.a
LOAD C:/Program Files (x86)/Rowley Associates Limited/CrossWorks for ARM 2.3/lib/libdebugio_v4t_a_le.a
LOAD C:/Program Files (x86)/Rowley Associates Limited/CrossWorks for ARM 2.3/lib/libc_targetio_impl_v4t_a_le.a
LOAD C:/Program Files (x86)/Rowley Associates Limited/CrossWorks for ARM 2.3/lib/libc_user_libc_v4t_a_le.a
END GROUP
OUTPUT(ARM Flash Debug/projekt1.elf elf32-littlearm)

.ARM.attributes
                0x00000000       0x10
 .ARM.attributes
                0x00000000       0x10 ARM Flash Debug/crt0.o
 .ARM.attributes
                0x00000010       0x10 ARM Flash Debug/AT91SAM7_Startup.o
 .ARM.attributes
                0x00000020       0x10 ARM Flash Debug/AIC.o
 .ARM.attributes
                0x00000030       0x10 ARM Flash Debug/AIC_irq_handler.o
 .ARM.attributes
                0x00000040       0x10 ARM Flash Debug/ctl_at91sam7.o
 .ARM.attributes
                0x00000050       0x10 ARM Flash Debug/fonts.o
 .ARM.attributes
                0x00000060       0x10 ARM Flash Debug/pcf8833u8_lcd.o
 .ARM.attributes
                0x00000070       0x10 ARM Flash Debug/main.o
 .ARM.attributes
                0x00000080       0x10 C:/Program Files (x86)/Rowley Associates Limited/CrossWorks for ARM 2.3/lib/libm_v4t_a_le.a(libm_asm.o)
 .ARM.attributes
                0x00000090       0x10 C:/Program Files (x86)/Rowley Associates Limited/CrossWorks for ARM 2.3/lib/libc_v4t_a_le.a(libc_asm.o)
 .ARM.attributes
                0x000000a0       0x10 C:/Program Files (x86)/Rowley Associates Limited/CrossWorks for ARM 2.3/lib/libc_v4t_a_le.a(__vfprintf_int.o)
 .ARM.attributes
                0x000000b0       0x10 C:/Program Files (x86)/Rowley Associates Limited/CrossWorks for ARM 2.3/lib/libc_v4t_a_le.a(__vfscanf_int.o)
 .ARM.attributes
                0x000000c0       0x10 C:/Program Files (x86)/Rowley Associates Limited/CrossWorks for ARM 2.3/lib/libc_v4t_a_le.a(libc2.o)
 .ARM.attributes
                0x000000d0       0x10 C:/Program Files (x86)/Rowley Associates Limited/CrossWorks for ARM 2.3/lib/libc_v4t_a_le.a(libc2_asm.o)
 .ARM.attributes
                0x000000e0       0x10 C:/Program Files (x86)/Rowley Associates Limited/CrossWorks for ARM 2.3/lib/libdebugio_v4t_a_le.a(libdebugio.o)
 .ARM.attributes
                0x000000f0       0x10 C:/Program Files (x86)/Rowley Associates Limited/CrossWorks for ARM 2.3/lib/libc_user_libc_v4t_a_le.a(user_libc.o)
 .ARM.attributes
                0x00000100       0x10 C:/Program Files (x86)/Rowley Associates Limited/CrossWorks for ARM 2.3/lib/libarm_v4t_a_le.a(libarm.o)
 .ARM.attributes
                0x00000110       0x10 C:/Program Files (x86)/Rowley Associates Limited/CrossWorks for ARM 2.3/lib/libarm_v4t_a_le.a(libarm_run_dcc_port_server.o)

.comment        0x00000000       0x4e
 .comment       0x00000000       0x4e ARM Flash Debug/AIC.o
                                 0x4f (size before relaxing)
 .comment       0x00000000       0x4f ARM Flash Debug/ctl_at91sam7.o
 .comment       0x00000000       0x4f ARM Flash Debug/fonts.o
 .comment       0x00000000       0x4f ARM Flash Debug/pcf8833u8_lcd.o
 .comment       0x00000000       0x4f ARM Flash Debug/main.o
 .comment       0x00000000       0x4f C:/Program Files (x86)/Rowley Associates Limited/CrossWorks for ARM 2.3/lib/libc_v4t_a_le.a(__vfprintf_int.o)
 .comment       0x00000000       0x4f C:/Program Files (x86)/Rowley Associates Limited/CrossWorks for ARM 2.3/lib/libc_v4t_a_le.a(__vfscanf_int.o)
 .comment       0x00000000       0x4f C:/Program Files (x86)/Rowley Associates Limited/CrossWorks for ARM 2.3/lib/libc_v4t_a_le.a(libc2.o)
 .comment       0x00000000       0x4f C:/Program Files (x86)/Rowley Associates Limited/CrossWorks for ARM 2.3/lib/libdebugio_v4t_a_le.a(libdebugio.o)
 .comment       0x00000000       0x4f C:/Program Files (x86)/Rowley Associates Limited/CrossWorks for ARM 2.3/lib/libc_user_libc_v4t_a_le.a(user_libc.o)
 .comment       0x00000000       0x4f C:/Program Files (x86)/Rowley Associates Limited/CrossWorks for ARM 2.3/lib/libarm_v4t_a_le.a(libarm_run_dcc_port_server.o)

.debug_line     0x00000000     0x19f2
 .debug_line    0x00000000       0xf0 ARM Flash Debug/crt0.o
 .debug_line    0x000000f0      0x103 ARM Flash Debug/AT91SAM7_Startup.o
 .debug_line    0x000001f3      0x160 ARM Flash Debug/AIC.o
 .debug_line    0x00000353       0xc8 ARM Flash Debug/AIC_irq_handler.o
 .debug_line    0x0000041b      0x14f ARM Flash Debug/ctl_at91sam7.o
 .debug_line    0x0000056a        0x0 ARM Flash Debug/fonts.o
 .debug_line    0x0000056a      0x38e ARM Flash Debug/pcf8833u8_lcd.o
 .debug_line    0x000008f8      0x3f9 ARM Flash Debug/main.o
 .debug_line    0x00000cf1       0x75 C:/Program Files (x86)/Rowley Associates Limited/CrossWorks for ARM 2.3/lib/libc_v4t_a_le.a(__vfprintf_int.o)
 .debug_line    0x00000d66       0x74 C:/Program Files (x86)/Rowley Associates Limited/CrossWorks for ARM 2.3/lib/libc_v4t_a_le.a(__vfscanf_int.o)
 .debug_line    0x00000dda      0x5b3 C:/Program Files (x86)/Rowley Associates Limited/CrossWorks for ARM 2.3/lib/libc_v4t_a_le.a(libc2.o)
 .debug_line    0x0000138d      0x56a C:/Program Files (x86)/Rowley Associates Limited/CrossWorks for ARM 2.3/lib/libdebugio_v4t_a_le.a(libdebugio.o)
 .debug_line    0x000018f7       0x74 C:/Program Files (x86)/Rowley Associates Limited/CrossWorks for ARM 2.3/lib/libc_user_libc_v4t_a_le.a(user_libc.o)
 .debug_line    0x0000196b       0x87 C:/Program Files (x86)/Rowley Associates Limited/CrossWorks for ARM 2.3/lib/libarm_v4t_a_le.a(libarm_run_dcc_port_server.o)

.debug_info     0x00000000     0x28d2
 .debug_info    0x00000000       0xa4 ARM Flash Debug/crt0.o
 .debug_info    0x000000a4       0xcc ARM Flash Debug/AT91SAM7_Startup.o
 .debug_info    0x00000170      0x18b ARM Flash Debug/AIC.o
 .debug_info    0x000002fb       0xcf ARM Flash Debug/AIC_irq_handler.o
 .debug_info    0x000003ca      0x129 ARM Flash Debug/ctl_at91sam7.o
 .debug_info    0x000004f3      0x820 ARM Flash Debug/pcf8833u8_lcd.o
 .debug_info    0x00000d13      0x893 ARM Flash Debug/main.o
 .debug_info    0x000015a6       0x36 C:/Program Files (x86)/Rowley Associates Limited/CrossWorks for ARM 2.3/lib/libc_v4t_a_le.a(__vfprintf_int.o)
 .debug_info    0x000015dc       0x65 C:/Program Files (x86)/Rowley Associates Limited/CrossWorks for ARM 2.3/lib/libc_v4t_a_le.a(__vfscanf_int.o)
 .debug_info    0x00001641      0xc5b C:/Program Files (x86)/Rowley Associates Limited/CrossWorks for ARM 2.3/lib/libc_v4t_a_le.a(libc2.o)
 .debug_info    0x0000229c      0x533 C:/Program Files (x86)/Rowley Associates Limited/CrossWorks for ARM 2.3/lib/libdebugio_v4t_a_le.a(libdebugio.o)
 .debug_info    0x000027cf       0xcd C:/Program Files (x86)/Rowley Associates Limited/CrossWorks for ARM 2.3/lib/libc_user_libc_v4t_a_le.a(user_libc.o)
 .debug_info    0x0000289c       0x36 C:/Program Files (x86)/Rowley Associates Limited/CrossWorks for ARM 2.3/lib/libarm_v4t_a_le.a(libarm_run_dcc_port_server.o)

.debug_abbrev   0x00000000      0x6ed
 .debug_abbrev  0x00000000       0x14 ARM Flash Debug/crt0.o
 .debug_abbrev  0x00000014       0x12 ARM Flash Debug/AT91SAM7_Startup.o
 .debug_abbrev  0x00000026       0xdc ARM Flash Debug/AIC.o
 .debug_abbrev  0x00000102       0x14 ARM Flash Debug/AIC_irq_handler.o
 .debug_abbrev  0x00000116       0xe4 ARM Flash Debug/ctl_at91sam7.o
 .debug_abbrev  0x000001fa        0x1 ARM Flash Debug/fonts.o
 .debug_abbrev  0x000001fb      0x171 ARM Flash Debug/pcf8833u8_lcd.o
 .debug_abbrev  0x0000036c      0x1f7 ARM Flash Debug/main.o
 .debug_abbrev  0x00000563       0x25 C:/Program Files (x86)/Rowley Associates Limited/CrossWorks for ARM 2.3/lib/libc_v4t_a_le.a(__vfprintf_int.o)
 .debug_abbrev  0x00000588       0x43 C:/Program Files (x86)/Rowley Associates Limited/CrossWorks for ARM 2.3/lib/libc_v4t_a_le.a(__vfscanf_int.o)
 .debug_abbrev  0x000005cb       0xa0 C:/Program Files (x86)/Rowley Associates Limited/CrossWorks for ARM 2.3/lib/libc_v4t_a_le.a(libc2.o)
 .debug_abbrev  0x0000066b       0x38 C:/Program Files (x86)/Rowley Associates Limited/CrossWorks for ARM 2.3/lib/libdebugio_v4t_a_le.a(libdebugio.o)
 .debug_abbrev  0x000006a3       0x25 C:/Program Files (x86)/Rowley Associates Limited/CrossWorks for ARM 2.3/lib/libc_user_libc_v4t_a_le.a(user_libc.o)
 .debug_abbrev  0x000006c8       0x25 C:/Program Files (x86)/Rowley Associates Limited/CrossWorks for ARM 2.3/lib/libarm_v4t_a_le.a(libarm_run_dcc_port_server.o)

.debug_aranges  0x00000000      0xa48
 .debug_aranges
                0x00000000       0x20 ARM Flash Debug/crt0.o
 .debug_aranges
                0x00000020       0x28 ARM Flash Debug/AT91SAM7_Startup.o
 .debug_aranges
                0x00000048       0x38 ARM Flash Debug/AIC.o
 .debug_aranges
                0x00000080       0x20 ARM Flash Debug/AIC_irq_handler.o
 .debug_aranges
                0x000000a0       0x38 ARM Flash Debug/ctl_at91sam7.o
 .debug_aranges
                0x000000d8       0xb0 ARM Flash Debug/pcf8833u8_lcd.o
 .debug_aranges
                0x00000188       0xc8 ARM Flash Debug/main.o
 .debug_aranges
                0x00000250       0x20 C:/Program Files (x86)/Rowley Associates Limited/CrossWorks for ARM 2.3/lib/libc_v4t_a_le.a(__vfprintf_int.o)
 .debug_aranges
                0x00000270       0x30 C:/Program Files (x86)/Rowley Associates Limited/CrossWorks for ARM 2.3/lib/libc_v4t_a_le.a(__vfscanf_int.o)
 .debug_aranges
                0x000002a0      0x508 C:/Program Files (x86)/Rowley Associates Limited/CrossWorks for ARM 2.3/lib/libc_v4t_a_le.a(libc2.o)
 .debug_aranges
                0x000007a8      0x220 C:/Program Files (x86)/Rowley Associates Limited/CrossWorks for ARM 2.3/lib/libdebugio_v4t_a_le.a(libdebugio.o)
 .debug_aranges
                0x000009c8       0x60 C:/Program Files (x86)/Rowley Associates Limited/CrossWorks for ARM 2.3/lib/libc_user_libc_v4t_a_le.a(user_libc.o)
 .debug_aranges
                0x00000a28       0x20 C:/Program Files (x86)/Rowley Associates Limited/CrossWorks for ARM 2.3/lib/libarm_v4t_a_le.a(libarm_run_dcc_port_server.o)

.debug_ranges   0x00000000      0x960
 .debug_ranges  0x00000000       0x20 ARM Flash Debug/AT91SAM7_Startup.o
 .debug_ranges  0x00000020       0x28 ARM Flash Debug/AIC.o
 .debug_ranges  0x00000048       0x28 ARM Flash Debug/ctl_at91sam7.o
 .debug_ranges  0x00000070       0xa0 ARM Flash Debug/pcf8833u8_lcd.o
 .debug_ranges  0x00000110       0xb8 ARM Flash Debug/main.o
 .debug_ranges  0x000001c8       0x10 C:/Program Files (x86)/Rowley Associates Limited/CrossWorks for ARM 2.3/lib/libc_v4t_a_le.a(__vfprintf_int.o)
 .debug_ranges  0x000001d8       0x20 C:/Program Files (x86)/Rowley Associates Limited/CrossWorks for ARM 2.3/lib/libc_v4t_a_le.a(__vfscanf_int.o)
 .debug_ranges  0x000001f8      0x4f8 C:/Program Files (x86)/Rowley Associates Limited/CrossWorks for ARM 2.3/lib/libc_v4t_a_le.a(libc2.o)
 .debug_ranges  0x000006f0      0x210 C:/Program Files (x86)/Rowley Associates Limited/CrossWorks for ARM 2.3/lib/libdebugio_v4t_a_le.a(libdebugio.o)
 .debug_ranges  0x00000900       0x50 C:/Program Files (x86)/Rowley Associates Limited/CrossWorks for ARM 2.3/lib/libc_user_libc_v4t_a_le.a(user_libc.o)
 .debug_ranges  0x00000950       0x10 C:/Program Files (x86)/Rowley Associates Limited/CrossWorks for ARM 2.3/lib/libarm_v4t_a_le.a(libarm_run_dcc_port_server.o)

.debug_frame    0x00000000     0x2ee0
 .debug_frame   0x00000000       0x94 ARM Flash Debug/AIC.o
 .debug_frame   0x00000094       0xa0 ARM Flash Debug/ctl_at91sam7.o
 .debug_frame   0x00000134      0x2a8 ARM Flash Debug/pcf8833u8_lcd.o
 .debug_frame   0x000003dc      0x318 ARM Flash Debug/main.o
 .debug_frame   0x000006f4      0x640 C:/Program Files (x86)/Rowley Associates Limited/CrossWorks for ARM 2.3/lib/libm_v4t_a_le.a(libm_asm.o)
 .debug_frame   0x00000d34      0x260 C:/Program Files (x86)/Rowley Associates Limited/CrossWorks for ARM 2.3/lib/libc_v4t_a_le.a(libc_asm.o)
 .debug_frame   0x00000f94       0x40 C:/Program Files (x86)/Rowley Associates Limited/CrossWorks for ARM 2.3/lib/libc_v4t_a_le.a(__vfprintf_int.o)
 .debug_frame   0x00000fd4       0x88 C:/Program Files (x86)/Rowley Associates Limited/CrossWorks for ARM 2.3/lib/libc_v4t_a_le.a(__vfscanf_int.o)
 .debug_frame   0x0000105c     0x1238 C:/Program Files (x86)/Rowley Associates Limited/CrossWorks for ARM 2.3/lib/libc_v4t_a_le.a(libc2.o)
 .debug_frame   0x00002294      0x120 C:/Program Files (x86)/Rowley Associates Limited/CrossWorks for ARM 2.3/lib/libc_v4t_a_le.a(libc2_asm.o)
 .debug_frame   0x000023b4      0x794 C:/Program Files (x86)/Rowley Associates Limited/CrossWorks for ARM 2.3/lib/libdebugio_v4t_a_le.a(libdebugio.o)
 .debug_frame   0x00002b48       0xa0 C:/Program Files (x86)/Rowley Associates Limited/CrossWorks for ARM 2.3/lib/libc_user_libc_v4t_a_le.a(user_libc.o)
 .debug_frame   0x00002be8      0x2c0 C:/Program Files (x86)/Rowley Associates Limited/CrossWorks for ARM 2.3/lib/libarm_v4t_a_le.a(libarm.o)
 .debug_frame   0x00002ea8       0x38 C:/Program Files (x86)/Rowley Associates Limited/CrossWorks for ARM 2.3/lib/libarm_v4t_a_le.a(libarm_run_dcc_port_server.o)

.debug_loc      0x00000000     0x209d
 .debug_loc     0x00000000       0xb0 ARM Flash Debug/AIC.o
 .debug_loc     0x000000b0       0xb0 ARM Flash Debug/ctl_at91sam7.o
 .debug_loc     0x00000160      0x344 ARM Flash Debug/pcf8833u8_lcd.o
 .debug_loc     0x000004a4      0x3c8 ARM Flash Debug/main.o
 .debug_loc     0x0000086c       0x2c C:/Program Files (x86)/Rowley Associates Limited/CrossWorks for ARM 2.3/lib/libc_v4t_a_le.a(__vfprintf_int.o)
 .debug_loc     0x00000898       0x6c C:/Program Files (x86)/Rowley Associates Limited/CrossWorks for ARM 2.3/lib/libc_v4t_a_le.a(__vfscanf_int.o)
 .debug_loc     0x00000904      0xf59 C:/Program Files (x86)/Rowley Associates Limited/CrossWorks for ARM 2.3/lib/libc_v4t_a_le.a(libc2.o)
 .debug_loc     0x0000185d      0x820 C:/Program Files (x86)/Rowley Associates Limited/CrossWorks for ARM 2.3/lib/libdebugio_v4t_a_le.a(libdebugio.o)
 .debug_loc     0x0000207d       0x20 C:/Program Files (x86)/Rowley Associates Limited/CrossWorks for ARM 2.3/lib/libarm_v4t_a_le.a(libarm_run_dcc_port_server.o)

.debug_str      0x00000000     0x134a
 .debug_str     0x00000000      0x1e9 ARM Flash Debug/AIC.o
                                0x211 (size before relaxing)
 .debug_str     0x000001e9       0xf3 ARM Flash Debug/ctl_at91sam7.o
                                0x220 (size before relaxing)
 .debug_str     0x000002dc      0x233 ARM Flash Debug/pcf8833u8_lcd.o
                                0x2b3 (size before relaxing)
 .debug_str     0x0000050f      0x2bc ARM Flash Debug/main.o
                                0x36e (size before relaxing)
 .debug_str     0x000007cb       0x64 C:/Program Files (x86)/Rowley Associates Limited/CrossWorks for ARM 2.3/lib/libc_v4t_a_le.a(__vfprintf_int.o)
                                 0xad (size before relaxing)
 .debug_str     0x0000082f       0x7c C:/Program Files (x86)/Rowley Associates Limited/CrossWorks for ARM 2.3/lib/libc_v4t_a_le.a(__vfscanf_int.o)
                                 0xc5 (size before relaxing)
 .debug_str     0x000008ab      0x57f C:/Program Files (x86)/Rowley Associates Limited/CrossWorks for ARM 2.3/lib/libc_v4t_a_le.a(libc2.o)
                                0x655 (size before relaxing)
 .debug_str     0x00000e2a      0x3cc C:/Program Files (x86)/Rowley Associates Limited/CrossWorks for ARM 2.3/lib/libdebugio_v4t_a_le.a(libdebugio.o)
                                0x415 (size before relaxing)
 .debug_str     0x000011f6       0xd2 C:/Program Files (x86)/Rowley Associates Limited/CrossWorks for ARM 2.3/lib/libc_user_libc_v4t_a_le.a(user_libc.o)
                                0x11b (size before relaxing)
 .debug_str     0x000012c8       0x82 C:/Program Files (x86)/Rowley Associates Limited/CrossWorks for ARM 2.3/lib/libarm_v4t_a_le.a(libarm_run_dcc_port_server.o)
                                 0xcb (size before relaxing)
